// Jest Snapshot v1, https://goo.gl/fbAQLP

exports[`header.vue snapshot 1`] = `
<div>
  <h2>Header</h2>
</div>
`;
