// Jest Snapshot v1, https://goo.gl/fbAQLP

exports[`Home.vue snapshot 1`] = `<div></div>`;

exports[`ToDoItem.vue snapshot 1`] = `<div></div>`;
