// Jest Snapshot v1, https://goo.gl/fbAQLP

exports[`Home.vue snapshot 1`] = `<div></div>`;

exports[`ToDoList.vue snapshot 1`] = `<div item=""></div>`;
